This is XeTeX, Version 3.141592653-2.6-0.999997 (MiKTeX 25.3) (preloaded format=xelatex 2025.4.24)  12 DEC 2025 09:23
entering extended mode
 \write18 enabled.
 file:line:error style messages enabled.
 %&-line parsing enabled.
**c:/Users/giann/OneDrive/Bureaublad/BAP25-26/Bachelorproef25-26/latex-hogent-b
achproef-main/latex-hogent-bachproef-main/voorstel/FamilienaamVoornaam-BPvoorst
el

! Emergency stop.
<*> ...ain/voorstel/FamilienaamVoornaam-BPvoorstel
                                                  
*** (job aborted, file error in nonstop mode)

 
Here is how much of TeX's memory you used:
 3 strings out of 405075
 168 string characters out of 5504329
 415773 words of memory out of 5000000
 26712 multiletter control sequences out of 15000+600000
 626825 words of font info for 40 fonts, out of 8000000 for 9000
 1348 hyphenation exceptions out of 8191
 0i,0n,0p,1b,6s stack positions out of 10000i,1000n,20000p,200000b,200000s
No pages of output.
