\BOOKMARK [0][-]{chapter*.4}{\376\377\000L\001\063\000s\000t\000\040\000v\000a\000n\000\040\000f\000i\000g\000u\000r\000e\000n}{}% 1
\BOOKMARK [0][-]{chapter*.5}{\376\377\000L\001\063\000s\000t\000\040\000v\000a\000n\000\040\000t\000a\000b\000e\000l\000l\000e\000n}{}% 2
\BOOKMARK [0][-]{section*.6}{\376\377\000L\000i\000j\000s\000t\000\040\000v\000a\000n\000\040\000c\000o\000d\000e\000f\000r\000a\000g\000m\000e\000n\000t\000e\000n\000\040}{}% 3
\BOOKMARK [0][-]{chapter.1}{\376\377\000I\000n\000l\000e\000i\000d\000i\000n\000g}{}% 4
\BOOKMARK [1][-]{section.1.1}{\376\377\000P\000r\000o\000b\000l\000e\000e\000m\000s\000t\000e\000l\000l\000i\000n\000g}{chapter.1}% 5
\BOOKMARK [1][-]{section.1.2}{\376\377\000O\000n\000d\000e\000r\000z\000o\000e\000k\000s\000v\000r\000a\000a\000g}{chapter.1}% 6
\BOOKMARK [1][-]{section.1.3}{\376\377\000O\000n\000d\000e\000r\000z\000o\000e\000k\000s\000d\000o\000e\000l\000s\000t\000e\000l\000l\000i\000n\000g}{chapter.1}% 7
\BOOKMARK [1][-]{section.1.4}{\376\377\000O\000p\000z\000e\000t\000\040\000v\000a\000n\000\040\000d\000e\000z\000e\000\040\000b\000a\000c\000h\000e\000l\000o\000r\000p\000r\000o\000e\000f}{chapter.1}% 8
\BOOKMARK [0][-]{chapter.2}{\376\377\000S\000t\000a\000n\000d\000\040\000v\000a\000n\000\040\000z\000a\000k\000e\000n}{}% 9
\BOOKMARK [1][-]{section.2.1}{\376\377\000I\000n\000l\000e\000i\000d\000i\000n\000g}{chapter.2}% 10
\BOOKMARK [1][-]{section.2.2}{\376\377\000A\000D\000H\000D\000\040\000e\000n\000\040\000e\000x\000e\000c\000u\000t\000i\000e\000v\000e\000\040\000f\000u\000n\000c\000t\000i\000e\000s}{chapter.2}% 11
\BOOKMARK [2][-]{subsection.2.2.1}{\376\377\000T\000h\000e\000o\000r\000e\000t\000i\000s\000c\000h\000\040\000k\000a\000d\000e\000r\000\040\000r\000o\000n\000d\000\040\000e\000x\000e\000c\000u\000t\000i\000e\000v\000e\000\040\000f\000u\000n\000c\000t\000i\000e\000s}{section.2.2}% 12
\BOOKMARK [2][-]{subsection.2.2.2}{\376\377\000T\000i\000j\000d\000p\000e\000r\000c\000e\000p\000t\000i\000e\000\040\000e\000n\000\040\000t\000e\000m\000p\000o\000r\000a\000l\000\040\000d\000i\000s\000c\000o\000u\000n\000t\000i\000n\000g}{section.2.2}% 13
\BOOKMARK [2][-]{subsection.2.2.3}{\376\377\000E\000m\000o\000t\000i\000o\000n\000e\000l\000e\000\040\000r\000e\000g\000u\000l\000a\000t\000i\000e\000\040\000e\000n\000\040\000s\000t\000r\000e\000s\000s}{section.2.2}% 14
\BOOKMARK [1][-]{section.2.3}{\376\377\000C\000o\000g\000n\000i\000t\000i\000v\000e\000\040\000L\000o\000a\000d\000\040\000T\000h\000e\000o\000r\000y\000\040\000e\000n\000\040\000d\000i\000g\000i\000t\000a\000l\000e\000\040\000i\000n\000t\000e\000r\000f\000a\000c\000e\000s}{chapter.2}% 15
\BOOKMARK [1][-]{section.2.4}{\376\377\000O\000n\000t\000w\000e\000r\000p\000e\000n\000\040\000v\000o\000o\000r\000\040\000c\000o\000g\000n\000i\000t\000i\000e\000v\000e\000\040\000t\000o\000e\000g\000a\000n\000k\000e\000l\000i\000j\000k\000h\000e\000i\000d}{chapter.2}% 16
\BOOKMARK [1][-]{section.2.5}{\376\377\000D\000i\000g\000i\000t\000a\000l\000e\000\040\000i\000n\000t\000e\000r\000v\000e\000n\000t\000i\000e\000s\000\040\000b\000i\000j\000\040\000A\000D\000H\000D}{chapter.2}% 17
\BOOKMARK [1][-]{section.2.6}{\376\377\000A\000u\000t\000o\000m\000a\000t\000i\000s\000c\000h\000e\000\040\000t\000a\000a\000k\000o\000p\000s\000p\000l\000i\000t\000s\000i\000n\000g}{chapter.2}% 18
\BOOKMARK [1][-]{section.2.7}{\376\377\000N\000o\000t\000i\000f\000i\000c\000a\000t\000i\000e\000s\000\040\000e\000n\000\040\000s\000t\000r\000e\000s\000s\000r\000e\000g\000u\000l\000a\000t\000i\000e}{chapter.2}% 19
\BOOKMARK [1][-]{section.2.8}{\376\377\000G\000a\000m\000i\000f\000i\000c\000a\000t\000i\000o\000n\000\040\000e\000n\000\040\000m\000o\000t\000i\000v\000a\000t\000i\000e}{chapter.2}% 20
\BOOKMARK [1][-]{section.2.9}{\376\377\000L\000a\000c\000u\000n\000e\000s\000\040\000i\000n\000\040\000h\000e\000t\000\040\000h\000u\000i\000d\000i\000g\000e\000\040\000a\000p\000p\000l\000i\000c\000a\000t\000i\000e\000l\000a\000n\000d\000s\000c\000h\000a\000p}{chapter.2}% 21
\BOOKMARK [1][-]{section.2.10}{\376\377\000C\000o\000n\000c\000l\000u\000s\000i\000e}{chapter.2}% 22
\BOOKMARK [1][-]{section.2.11}{\376\377\000F\000a\000s\000e\000\040\0001\000:\000\040\000L\000i\000t\000e\000r\000a\000t\000u\000u\000r\000s\000t\000u\000d\000i\000e}{chapter.2}% 23
\BOOKMARK [1][-]{section.2.12}{\376\377\000F\000a\000s\000e\000\040\0002\000:\000\040\000B\000e\000h\000o\000e\000f\000t\000e\000a\000n\000a\000l\000y\000s\000e\000\040\000v\000i\000a\000\040\000i\000n\000t\000e\000r\000v\000i\000e\000w\000s}{chapter.2}% 24
\BOOKMARK [1][-]{section.2.13}{\376\377\000F\000a\000s\000e\000\040\0003\000:\000\040\000O\000n\000t\000w\000e\000r\000p\000\040\000v\000a\000n\000\040\000h\000e\000t\000\040\000p\000r\000o\000t\000o\000t\000y\000p\000e}{chapter.2}% 25
\BOOKMARK [1][-]{section.2.14}{\376\377\000F\000a\000s\000e\000\040\0004\000:\000\040\000I\000m\000p\000l\000e\000m\000e\000n\000t\000a\000t\000i\000e\000\040\000v\000a\000n\000\040\000e\000e\000n\000\040\000p\000r\000o\000o\000f\000-\000o\000f\000-\000c\000o\000n\000c\000e\000p\000t}{chapter.2}% 26
\BOOKMARK [1][-]{section.2.15}{\376\377\000F\000a\000s\000e\000\040\0005\000:\000\040\000E\000v\000a\000l\000u\000a\000t\000i\000e\000\040\000v\000i\000a\000\040\000g\000e\000b\000r\000u\000i\000k\000e\000r\000s\000t\000e\000s\000t\000e\000n}{chapter.2}% 27
\BOOKMARK [1][-]{section.2.16}{\376\377\000F\000a\000s\000e\000\040\0006\000:\000\040\000A\000n\000a\000l\000y\000s\000e\000\040\000e\000n\000\040\000s\000y\000n\000t\000h\000e\000s\000e}{chapter.2}% 28
\BOOKMARK [1][-]{section.2.17}{\376\377\000G\000l\000o\000b\000a\000l\000e\000\040\000t\000i\000j\000d\000s\000p\000l\000a\000n\000n\000i\000n\000g\000\040\000e\000n\000\040\000d\000e\000l\000i\000v\000e\000r\000a\000b\000l\000e\000s}{chapter.2}% 29
\BOOKMARK [0][-]{chapter.3}{\376\377\000A\000n\000a\000l\000y\000s\000e\000\040\000e\000n\000\040\000r\000e\000q\000u\000i\000r\000e\000m\000e\000n\000t\000s}{}% 30
\BOOKMARK [1][-]{section.3.1}{\376\377\000P\000r\000o\000b\000l\000e\000e\000m\000a\000n\000a\000l\000y\000s\000e\000\040\000b\000i\000n\000n\000e\000n\000\040\000d\000e\000\040\000d\000o\000e\000l\000g\000r\000o\000e\000p}{chapter.3}% 31
\BOOKMARK [1][-]{section.3.2}{\376\377\000F\000u\000n\000c\000t\000i\000o\000n\000e\000l\000e\000\040\000r\000e\000q\000u\000i\000r\000e\000m\000e\000n\000t\000s}{chapter.3}% 32
\BOOKMARK [1][-]{section.3.3}{\376\377\000N\000i\000e\000t\000-\000f\000u\000n\000c\000t\000i\000o\000n\000e\000l\000e\000\040\000r\000e\000q\000u\000i\000r\000e\000m\000e\000n\000t\000s}{chapter.3}% 33
\BOOKMARK [1][-]{section.3.4}{\376\377\000S\000c\000o\000p\000e\000-\000a\000f\000b\000a\000k\000e\000n\000i\000n\000g}{chapter.3}% 34
\BOOKMARK [0][-]{chapter.4}{\376\377\000O\000n\000t\000w\000e\000r\000p\000\040\000v\000a\000n\000\040\000d\000e\000\040\000a\000p\000p\000l\000i\000c\000a\000t\000i\000e}{}% 35
\BOOKMARK [1][-]{section.4.1}{\376\377\000O\000n\000t\000w\000e\000r\000p\000p\000r\000i\000n\000c\000i\000p\000e\000s}{chapter.4}% 36
\BOOKMARK [1][-]{section.4.2}{\376\377\000V\000i\000s\000u\000e\000e\000l\000\040\000d\000e\000s\000i\000g\000n}{chapter.4}% 37
\BOOKMARK [1][-]{section.4.3}{\376\377\000B\000e\000l\000o\000n\000i\000n\000g\000s\000s\000y\000s\000t\000e\000e\000m}{chapter.4}% 38
\BOOKMARK [0][-]{chapter.5}{\376\377\000T\000e\000c\000h\000n\000i\000s\000c\000h\000e\000\040\000u\000i\000t\000w\000e\000r\000k\000i\000n\000g}{}% 39
\BOOKMARK [1][-]{section.5.1}{\376\377\000T\000e\000c\000h\000n\000o\000l\000o\000g\000i\000e\000s\000t\000a\000c\000k}{chapter.5}% 40
\BOOKMARK [1][-]{section.5.2}{\376\377\000A\000r\000c\000h\000i\000t\000e\000c\000t\000u\000u\000r}{chapter.5}% 41
\BOOKMARK [1][-]{section.5.3}{\376\377\000D\000a\000t\000a\000o\000p\000s\000l\000a\000g}{chapter.5}% 42
\BOOKMARK [2][-]{subsection.5.3.1}{\376\377\000S\000t\000r\000u\000c\000t\000u\000u\000r\000\040\000v\000a\000n\000\040\000t\000a\000a\000k\000d\000a\000t\000a}{section.5.3}% 43
\BOOKMARK [1][-]{section.5.4}{\376\377\000N\000a\000v\000i\000g\000a\000t\000i\000e\000\040\000e\000n\000\040\000c\000o\000m\000p\000o\000n\000e\000n\000t\000s\000t\000r\000u\000c\000t\000u\000u\000r}{chapter.5}% 44
\BOOKMARK [1][-]{section.5.5}{\376\377\000V\000o\000o\000r\000b\000e\000e\000l\000d\000\040\000v\000a\000n\000\040\000c\000o\000d\000e\000f\000r\000a\000g\000m\000e\000n\000t}{chapter.5}% 45
\BOOKMARK [1][-]{section.5.6}{\376\377\000B\000e\000p\000e\000r\000k\000i\000n\000g\000e\000n\000\040\000v\000a\000n\000\040\000d\000e\000\040\000i\000m\000p\000l\000e\000m\000e\000n\000t\000a\000t\000i\000e}{chapter.5}% 46
\BOOKMARK [0][-]{chapter.6}{\376\377\000F\000u\000n\000c\000t\000i\000o\000n\000a\000l\000i\000t\000e\000i\000t\000e\000n\000\040\000v\000a\000n\000\040\000h\000e\000t\000\040\000p\000r\000o\000t\000o\000t\000y\000p\000e}{}% 47
\BOOKMARK [1][-]{section.6.1}{\376\377\000D\000a\000g\000s\000e\000l\000e\000c\000t\000i\000e\000\040\000e\000n\000\040\000p\000l\000a\000n\000n\000i\000n\000g}{chapter.6}% 48
\BOOKMARK [1][-]{section.6.2}{\376\377\000R\000e\000w\000a\000r\000d\000\040\000s\000y\000s\000t\000e\000m\000:\000\040\000p\000u\000n\000t\000e\000n\000\040\000e\000n\000\040\000s\000t\000r\000e\000a\000k\000s}{chapter.6}% 49
\BOOKMARK [1][-]{section.6.3}{\376\377\000P\000r\000o\000f\000i\000e\000l\000p\000a\000g\000i\000n\000a}{chapter.6}% 50
\BOOKMARK [1][-]{section.6.4}{\376\377\000I\000n\000s\000t\000e\000l\000l\000i\000n\000g\000e\000n}{chapter.6}% 51
\BOOKMARK [0][-]{chapter.7}{\376\377\000E\000v\000a\000l\000u\000a\000t\000i\000e}{}% 52
\BOOKMARK [1][-]{section.7.1}{\376\377\000D\000o\000e\000l\000\040\000v\000a\000n\000\040\000d\000e\000\040\000e\000v\000a\000l\000u\000a\000t\000i\000e}{chapter.7}% 53
\BOOKMARK [1][-]{section.7.2}{\376\377\000T\000e\000s\000t\000o\000p\000z\000e\000t}{chapter.7}% 54
\BOOKMARK [1][-]{section.7.3}{\376\377\000T\000e\000s\000t\000c\000a\000t\000e\000g\000o\000r\000i\000e\000\353\000n}{chapter.7}% 55
\BOOKMARK [2][-]{subsection.7.3.1}{\376\377\000B\000a\000s\000i\000s\000r\000e\000n\000d\000e\000r\000i\000n\000g}{section.7.3}% 56
\BOOKMARK [2][-]{subsection.7.3.2}{\376\377\000T\000a\000a\000k\000b\000e\000h\000e\000e\000r}{section.7.3}% 57
\BOOKMARK [2][-]{subsection.7.3.3}{\376\377\000D\000a\000t\000u\000m\000-\000\040\000e\000n\000\040\000n\000a\000v\000i\000g\000a\000t\000i\000e\000f\000u\000n\000c\000t\000i\000e\000s}{section.7.3}% 58
\BOOKMARK [2][-]{subsection.7.3.4}{\376\377\000R\000e\000w\000a\000r\000d\000-\000\040\000e\000n\000\040\000v\000o\000o\000r\000t\000g\000a\000n\000g\000s\000s\000y\000s\000t\000e\000e\000m}{section.7.3}% 59
\BOOKMARK [2][-]{subsection.7.3.5}{\376\377\000P\000r\000o\000f\000i\000e\000l\000-\000\040\000e\000n\000\040\000i\000n\000s\000t\000e\000l\000l\000i\000n\000g\000e\000n\000b\000e\000h\000e\000e\000r}{section.7.3}% 60
\BOOKMARK [2][-]{subsection.7.3.6}{\376\377\000D\000a\000t\000a\000\040\000p\000e\000r\000s\000i\000s\000t\000e\000n\000t\000i\000e}{section.7.3}% 61
\BOOKMARK [2][-]{subsection.7.3.7}{\376\377\000S\000u\000b\000t\000a\000s\000k\000-\000\040\000e\000n\000\040\000p\000r\000o\000g\000r\000e\000s\000s\000i\000e\000l\000o\000g\000i\000c\000a}{section.7.3}% 62
\BOOKMARK [1][-]{section.7.4}{\376\377\000T\000e\000s\000t\000r\000e\000s\000u\000l\000t\000a\000t\000e\000n}{chapter.7}% 63
\BOOKMARK [1][-]{section.7.5}{\376\377\000V\000e\000r\000v\000o\000l\000g\000w\000e\000r\000k}{chapter.7}% 64
\BOOKMARK [0][-]{chapter.8}{\376\377\000C\000o\000n\000c\000l\000u\000s\000i\000e}{}% 65
\BOOKMARK [0][-]{appendix.A}{\376\377\000O\000n\000d\000e\000r\000z\000o\000e\000k\000s\000v\000o\000o\000r\000s\000t\000e\000l}{}% 66
\BOOKMARK [1][-]{section.A.1}{\376\377\000I\000n\000t\000r\000o\000d\000u\000c\000t\000i\000e}{appendix.A}% 67
\BOOKMARK [1][-]{section.A.2}{\376\377\000S\000t\000a\000t\000e\000-\000o\000f\000-\000t\000h\000e\000-\000a\000r\000t}{appendix.A}% 68
\BOOKMARK [1][-]{section.A.3}{\376\377\000M\000e\000t\000h\000o\000d\000o\000l\000o\000g\000i\000e}{appendix.A}% 69
\BOOKMARK [1][-]{section.A.4}{\376\377\000V\000e\000r\000w\000a\000c\000h\000t\000\040\000r\000e\000s\000u\000l\000t\000a\000a\000t\000,\000\040\000c\000o\000n\000c\000l\000u\000s\000i\000e}{appendix.A}% 70
\BOOKMARK [0][-]{appendix*.16}{\376\377\000B\000i\000b\000l\000i\000o\000g\000r\000a\000f\000i\000e}{}% 71
